[ableproadmin.com/bootstrap/stage/index.html]
[backblue.gif]
[fade.gif]
[index.html]
[ableproadmin.com/bootstrap/stage/assets/images/favicon.svg]
[ableproadmin.com/bootstrap/stage/assets/css/plugins/animate.min.css]
[cdnjs.cloudflare.com/ajax/libs/OwlCarousel2/2.3.4/assets/owl.carousel.min.css]
[ableproadmin.com/bootstrap/stage/assets/fonts/inter/inter.css]
[ableproadmin.com/bootstrap/stage/assets/fonts/tabler-icons.min.css]
[ableproadmin.com/bootstrap/stage/assets/fonts/feather.css]
[ableproadmin.com/bootstrap/stage/assets/fonts/fontawesome.css]
[ableproadmin.com/bootstrap/stage/assets/fonts/material.css]
[ableproadmin.com/bootstrap/stage/assets/css/style.css]
[ableproadmin.com/bootstrap/stage/assets/css/landing.css]
[pt.wisernotify.com/pixel6d4c.js]
[ableproadmin.com/bootstrap/stage/index-2.html]
[ableproadmin.com/bootstrap/stage/assets/images/logo-dark.svg]
[ableproadmin.com/bootstrap/stage/assets/css/style-preset.css]
[ableproadmin.com/bootstrap/stage/dashboard/index.html]
[ableproadmin.com/bootstrap/stage/elements/bc_alert.html]
[ableproadmin.com/bootstrap/stage/assets/images/landing/tech-bootstrap.svg]
[ableproadmin.com/bootstrap/stage/assets/images/landing/tech-gulp.svg]
[ableproadmin.com/bootstrap/stage/assets/images/landing/tech-figma.svg]
[ableproadmin.com/bootstrap/stage/assets/images/landing/feature-figma.png]
[ableproadmin.com/bootstrap/stage/assets/images/landing/feature-components.png]
[ableproadmin.com/bootstrap/stage/assets/images/landing/chat.png]
[ableproadmin.com/bootstrap/stage/assets/images/landing/e-commerce.png]
[ableproadmin.com/bootstrap/stage/assets/images/landing/mail.png]
[ableproadmin.com/bootstrap/stage/assets/images/landing/social.png]
[ableproadmin.com/bootstrap/stage/assets/images/user/avatar-1.jpg]
[ableproadmin.com/bootstrap/stage/assets/images/user/avatar-2.jpg]
[ableproadmin.com/bootstrap/stage/assets/images/user/avatar-3.jpg]
[ableproadmin.com/bootstrap/stage/assets/images/user/avatar-4.jpg]
[ableproadmin.com/bootstrap/stage/assets/images/user/avatar-5.jpg]
[ableproadmin.com/bootstrap/stage/assets/images/landing/client-eagames.svg]
[ableproadmin.com/bootstrap/stage/assets/images/landing/client-vodafone.svg]
[ableproadmin.com/bootstrap/stage/assets/images/landing/client-crystal-1.svg]
[ableproadmin.com/bootstrap/stage/assets/images/landing/client-haswent-2.svg]
[ableproadmin.com/bootstrap/stage/assets/images/landing/client-haxter-3.svg]
[ableproadmin.com/bootstrap/stage/assets/images/landing/client-montecito-4.svg]
[ableproadmin.com/bootstrap/stage/assets/images/landing/client-slingshot.svg]
[ableproadmin.com/bootstrap/stage/assets/images/landing/client-totalstudio-5.svg]
[code.jquery.com/jquery-3.6.1.min.js]
[ableproadmin.com/bootstrap/stage/assets/js/plugins/popper.min.js]
[ableproadmin.com/bootstrap/stage/assets/js/plugins/simplebar.min.js]
[ableproadmin.com/bootstrap/stage/assets/js/plugins/bootstrap.min.js]
[ableproadmin.com/bootstrap/stage/assets/js/config.js]
[ableproadmin.com/bootstrap/stage/assets/js/pcoded.js]
[ableproadmin.com/bootstrap/stage/assets/js/fonts/custom-font.js]
[ableproadmin.com/bootstrap/stage/assets/js/plugins/feather.min.js]
[ableproadmin.com/bootstrap/stage/assets/js/plugins/wow.min.js]
[cdn.jsdelivr.net/jquery.marquee/1.4.0/jquery.marquee.min.js]
[cdnjs.cloudflare.com/ajax/libs/OwlCarousel2/2.3.4/owl.carousel.min.js]
[ableproadmin.com/bootstrap/stage/assets/js/plugins/Jarallax.js]
[ableproadmin.com/bootstrap/stage/assets/images/customizer/img-caption-1.svg]
[ableproadmin.com/bootstrap/stage/assets/images/customizer/img-caption-2.svg]
[ableproadmin.com/bootstrap/stage/assets/images/customizer/img-layout-1.svg]
[ableproadmin.com/bootstrap/stage/assets/images/customizer/img-layout-2.svg]
[ableproadmin.com/bootstrap/stage/assets/images/customizer/img-container-1.svg]
[ableproadmin.com/bootstrap/stage/index.html]
[ableproadmin.com/bootstrap/stage/assets/images/favicon.svg]
[ableproadmin.com/bootstrap/stage/assets/css/plugins/animate.min.css]
[ableproadmin.com/bootstrap/stage/assets/images/customizer/img-container-2.svg]
[cdnjs.cloudflare.com/ajax/libs/OwlCarousel2/2.3.4/assets/owl.video.play.png]
[cdnjs.cloudflare.com/ajax/libs/OwlCarousel2/2.3.4/assets/owl.carousel.min.css]
[ableproadmin.com/bootstrap/stage/assets/fonts/inter/Inter-roman.var32a8.woff2]
[ableproadmin.com/bootstrap/stage/assets/fonts/inter/Inter-italic.var32a8.woff2]
[ableproadmin.com/bootstrap/stage/assets/fonts/inter/inter.css]
[ableproadmin.com/bootstrap/stage/assets/fonts/tabler/tabler-icons.eot]
[ableproadmin.com/bootstrap/stage/assets/fonts/tabler/tabler-icons.woff2]
[ableproadmin.com/bootstrap/stage/assets/fonts/tabler/tabler-icons.woff]
[ableproadmin.com/bootstrap/stage/assets/fonts/tabler/tabler-icons.ttf]
[ableproadmin.com/bootstrap/stage/assets/fonts/tabler-icons.min.css]
[ableproadmin.com/bootstrap/stage/assets/fonts/feather/feathere8ab.eot]
[ableproadmin.com/bootstrap/stage/assets/fonts/tabler/tabler-icons.svg]
[ableproadmin.com/bootstrap/stage/assets/fonts/feather/feathere8ab.woff]
[ableproadmin.com/bootstrap/stage/assets/fonts/feather/feathere8ab.ttf]
[ableproadmin.com/bootstrap/stage/assets/fonts/feather.css]
[ableproadmin.com/bootstrap/stage/assets/fonts/feather/feathere8ab.svg]
[ableproadmin.com/bootstrap/stage/assets/fonts/fontawesome/fa-regular-400.eot]
[ableproadmin.com/bootstrap/stage/assets/fonts/fontawesome/fa-regular-400d41d.eot]
[ableproadmin.com/bootstrap/stage/assets/fonts/fontawesome/fa-regular-400.woff2]
[ableproadmin.com/bootstrap/stage/assets/fonts/fontawesome/fa-regular-400.woff]
[ableproadmin.com/bootstrap/stage/assets/fonts/fontawesome/fa-regular-400.ttf]
[ableproadmin.com/bootstrap/stage/assets/fonts/fontawesome/fa-regular-400.svg]
[ableproadmin.com/bootstrap/stage/assets/fonts/fontawesome/fa-solid-900.eot]
[ableproadmin.com/bootstrap/stage/assets/fonts/fontawesome/fa-solid-900d41d.eot]
[ableproadmin.com/bootstrap/stage/assets/fonts/fontawesome/fa-solid-900.woff2]
[ableproadmin.com/bootstrap/stage/assets/fonts/fontawesome/fa-solid-900.woff]
[ableproadmin.com/bootstrap/stage/assets/fonts/fontawesome/fa-solid-900.ttf]
[ableproadmin.com/bootstrap/stage/assets/fonts/fontawesome/fa-solid-900.svg]
[ableproadmin.com/bootstrap/stage/assets/fonts/fontawesome/fa-brands-400d41d.eot]
[ableproadmin.com/bootstrap/stage/assets/fonts/fontawesome/fa-brands-400.woff2]
[ableproadmin.com/bootstrap/stage/assets/fonts/fontawesome/fa-brands-400.woff]
[ableproadmin.com/bootstrap/stage/assets/fonts/fontawesome/fa-brands-400.ttf]
[ableproadmin.com/bootstrap/stage/assets/fonts/fontawesome/fa-brands-400.eot]
[ableproadmin.com/bootstrap/stage/assets/fonts/fontawesome.css]
[ableproadmin.com/bootstrap/stage/assets/fonts/fontawesome/fa-brands-400.svg]
[ableproadmin.com/bootstrap/stage/assets/fonts/material/material.woff2]
[ableproadmin.com/bootstrap/stage/assets/fonts/material.css]
[ableproadmin.com/bootstrap/stage/assets/images/widget/img-dropbox-bg.svg]
[ableproadmin.com/bootstrap/stage/assets/images/authentication/img-auth-bg.jpg]
[ableproadmin.com/bootstrap/stage/assets/images/pages/img-cunstruct-1-bg.png]
[ableproadmin.com/bootstrap/stage/assets/images/pages/img-cunstruct-1-bottom.svg]
[ableproadmin.com/bootstrap/stage/assets/images/application/img-cal-bg.jpg]
[ableproadmin.com/bootstrap/stage/assets/css/style.css]
[ableproadmin.com/bootstrap/stage/assets/images/authentication/img-auth-bg-dark.jpg]
[ableproadmin.com/bootstrap/stage/assets/css/style-preset.css]
[ableproadmin.com/bootstrap/stage/assets/images/landing/img-headerbg-dark.jpg]
[ableproadmin.com/bootstrap/stage/assets/css/landing.css]
[ableproadmin.com/bootstrap/stage/index-2.html]
[ableproadmin.com/bootstrap/stage/assets/images/logo-dark.svg]
[ableproadmin.com/bootstrap/stage/dashboard/analytics.html]
[ableproadmin.com/bootstrap/stage/widget/w_statistics.html]
[ableproadmin.com/bootstrap/stage/widget/w_data.html]
[ableproadmin.com/bootstrap/stage/widget/w_chart.html]
[ableproadmin.com/bootstrap/stage/elements/icon-feather.html]
[ableproadmin.com/bootstrap/stage/elements/icon-fontawesome.html]
[ableproadmin.com/bootstrap/stage/elements/icon-material.html]
[ableproadmin.com/bootstrap/stage/elements/icon-tabler.html]
[ableproadmin.com/bootstrap/stage/elements/icon-custom.html]
[ableproadmin.com/bootstrap/stage/forms/form_elements.html]
[ableproadmin.com/bootstrap/stage/forms/form_floating.html]
[ableproadmin.com/bootstrap/stage/forms/form2_basic.html]
[ableproadmin.com/bootstrap/stage/forms/form2_input_group.html]
[ableproadmin.com/bootstrap/stage/forms/form2_checkbox.html]
[ableproadmin.com/bootstrap/stage/forms/form2_radio.html]
[ableproadmin.com/bootstrap/stage/forms/form2_switch.html]
[ableproadmin.com/bootstrap/stage/forms/form2_megaoption.html]
[ableproadmin.com/bootstrap/stage/forms/form2_datepicker.html]
[ableproadmin.com/bootstrap/stage/forms/form2_daterangepicker.html]
[ableproadmin.com/bootstrap/stage/forms/form2_timepicker.html]
[ableproadmin.com/bootstrap/stage/forms/form2_choices.html]
[ableproadmin.com/bootstrap/stage/forms/form2_recaptcha.html]
[ableproadmin.com/bootstrap/stage/forms/form2_inputmask.html]
[ableproadmin.com/bootstrap/stage/forms/form2_clipboard.html]
[ableproadmin.com/bootstrap/stage/forms/form2_nouislider.html]
[ableproadmin.com/bootstrap/stage/forms/form2_switchjs.html]
[ableproadmin.com/bootstrap/stage/forms/form2_typeahead.html]
[ableproadmin.com/bootstrap/stage/forms/form2_tinymce.html]
[ableproadmin.com/bootstrap/stage/forms/form2_quill.html]
[ableproadmin.com/bootstrap/stage/forms/editor-classic.html]
[ableproadmin.com/bootstrap/stage/forms/editor-document.html]
[ableproadmin.com/bootstrap/stage/forms/editor-inline.html]
[ableproadmin.com/bootstrap/stage/forms/editor-balloon.html]
[ableproadmin.com/bootstrap/stage/forms/form2_markdown.html]
[ableproadmin.com/bootstrap/stage/forms/form2_lay-default.html]
[ableproadmin.com/bootstrap/stage/forms/form2_lay-multicolumn.html]
[ableproadmin.com/bootstrap/stage/forms/form2_lay-actionbars.html]
[ableproadmin.com/bootstrap/stage/forms/form2_lay-stickyactionbars.html]
[ableproadmin.com/bootstrap/stage/forms/file-upload.html]
[ableproadmin.com/bootstrap/stage/forms/form2_flu-uppy.html]
[ableproadmin.com/bootstrap/stage/forms/form-validation.html]
[ableproadmin.com/bootstrap/stage/forms/image_crop.html]
[ableproadmin.com/bootstrap/stage/table/tbl_bootstrap.html]
[ableproadmin.com/bootstrap/stage/table/tbl_sizing.html]
[ableproadmin.com/bootstrap/stage/table/tbl_border.html]
[ableproadmin.com/bootstrap/stage/table/tbl_styling.html]
[ableproadmin.com/bootstrap/stage/table/tbl_dt-simple.html]
[ableproadmin.com/bootstrap/stage/table/tbl_dt-dynamic-import.html]
[ableproadmin.com/bootstrap/stage/table/tbl_dt-render-column-cells.html]
[ableproadmin.com/bootstrap/stage/table/tbl_dt-column-manipulation.html]
[ableproadmin.com/bootstrap/stage/table/tbl_dt-datetime-sorting.html]
[ableproadmin.com/bootstrap/stage/table/tbl_dt-methods.html]
[ableproadmin.com/bootstrap/stage/table/tbl_dt-add-rows.html]
[ableproadmin.com/bootstrap/stage/table/tbl_dt-fetch-api.html]
[ableproadmin.com/bootstrap/stage/table/tbl_dt-filters.html]
[ableproadmin.com/bootstrap/stage/table/tbl_dt-export.html]
[ableproadmin.com/bootstrap/stage/table/dt_advance.html]
[ableproadmin.com/bootstrap/stage/table/dt_styling.html]
[ableproadmin.com/bootstrap/stage/table/dt_api.html]
[ableproadmin.com/bootstrap/stage/table/dt_plugin.html]
[ableproadmin.com/bootstrap/stage/table/dt_sources.html]
[ableproadmin.com/bootstrap/stage/table/dt_ext_autofill.html]
[ableproadmin.com/bootstrap/stage/table/dt_ext_basic_buttons.html]
[ableproadmin.com/bootstrap/stage/table/dt_ext_export_buttons.html]
[ableproadmin.com/bootstrap/stage/table/dt_ext_col_reorder.html]
[ableproadmin.com/bootstrap/stage/table/dt_ext_fixed_columns.html]
[ableproadmin.com/bootstrap/stage/table/dt_ext_fixed_header.html]
[ableproadmin.com/bootstrap/stage/table/dt_ext_key_table.html]
[ableproadmin.com/bootstrap/stage/table/dt_ext_responsive.html]
[ableproadmin.com/bootstrap/stage/table/dt_ext_row_reorder.html]
[ableproadmin.com/bootstrap/stage/table/dt_ext_scroller.html]
[ableproadmin.com/bootstrap/stage/table/dt_ext_select.html]
[ableproadmin.com/bootstrap/stage/chart/chart-apex.html]
[ableproadmin.com/bootstrap/stage/application/calendar.html]
[ableproadmin.com/bootstrap/stage/application/chat.html]
[ableproadmin.com/bootstrap/stage/application/cust_customer_list.html]
[ableproadmin.com/bootstrap/stage/application/ecom_product.html]
[ableproadmin.com/bootstrap/stage/application/ecom_product-details.html]
[ableproadmin.com/bootstrap/stage/application/ecom_product-list.html]
[ableproadmin.com/bootstrap/stage/application/ecom_product-add.html]
[ableproadmin.com/bootstrap/stage/application/ecom_checkout.html]
[ableproadmin.com/bootstrap/stage/application/file-manager.html]
[ableproadmin.com/bootstrap/stage/application/mail.html]
[ableproadmin.com/bootstrap/stage/application/account-profile.html]
[ableproadmin.com/bootstrap/stage/application/social-media.html]
[ableproadmin.com/bootstrap/stage/pages/login-v1.html]
[ableproadmin.com/bootstrap/stage/pages/register-v1.html]
[ableproadmin.com/bootstrap/stage/pages/forgot-password-v1.html]
[ableproadmin.com/bootstrap/stage/pages/check-mail-v1.html]
[ableproadmin.com/bootstrap/stage/pages/reset-password-v1.html]
[ableproadmin.com/bootstrap/stage/pages/code-verification-v1.html]
[ableproadmin.com/bootstrap/stage/pages/login-v2.html]
[ableproadmin.com/bootstrap/stage/pages/register-v2.html]
[ableproadmin.com/bootstrap/stage/pages/forgot-password-v2.html]
[ableproadmin.com/bootstrap/stage/pages/check-mail-v2.html]
[ableproadmin.com/bootstrap/stage/pages/reset-password-v2.html]
[ableproadmin.com/bootstrap/stage/pages/code-verification-v2.html]
[ableproadmin.com/bootstrap/stage/pages/login-v3.html]
[ableproadmin.com/bootstrap/stage/pages/error-404.html]
[ableproadmin.com/bootstrap/stage/pages/error-500.html]
[ableproadmin.com/bootstrap/stage/pages/under-construction-v1.html]
[ableproadmin.com/bootstrap/stage/pages/under-construction-v2.html]
[ableproadmin.com/bootstrap/stage/pages/coming-soon-v1.html]
[ableproadmin.com/bootstrap/stage/pages/coming-soon-v2.html]
[ableproadmin.com/bootstrap/stage/pages/contact-us.html]
[ableproadmin.com/bootstrap/stage/pages/price-v1.html]
[ableproadmin.com/bootstrap/stage/pages/price-v2.html]
[ableproadmin.com/bootstrap/stage/pages/landing.html]
[ableproadmin.com/bootstrap/stage/other/sample-page.html]
[ableproadmin.com/bootstrap/stage/assets/images/layout/img-profile-card.jpg]
[ableproadmin.com/bootstrap/stage/assets/images/layout/img-announcement-1.png]
[ableproadmin.com/bootstrap/stage/assets/images/layout/img-announcement-2.png]
[ableproadmin.com/bootstrap/stage/assets/images/layout/img-announcement-3.png]
[ableproadmin.com/bootstrap/stage/assets/images/layout/img-announcement-4.png]
[ableproadmin.com/bootstrap/stage/navigation/index.html]
[ableproadmin.com/bootstrap/stage/dashboard/index.html]
[ableproadmin.com/bootstrap/stage/assets/js/pages/dashboard-default.js]
[ableproadmin.com/bootstrap/stage/assets/css/uikit.css]
[ableproadmin.com/bootstrap/stage/elements/bc_button.html]
[ableproadmin.com/bootstrap/stage/elements/bc_badges.html]
[ableproadmin.com/bootstrap/stage/elements/bc_breadcrumb.html]
[ableproadmin.com/bootstrap/stage/elements/bc_card.html]
[ableproadmin.com/bootstrap/stage/elements/bc_color.html]
[ableproadmin.com/bootstrap/stage/elements/bc_collapse.html]
[ableproadmin.com/bootstrap/stage/elements/bc_carousel.html]
[ableproadmin.com/bootstrap/stage/elements/bc_dropdowns.html]
[ableproadmin.com/bootstrap/stage/assets/js/plugins/apexcharts.min.js]
[ableproadmin.com/bootstrap/stage/elements/bc_offcanvas.html]
[ableproadmin.com/bootstrap/stage/elements/bc_pagination.html]
[ableproadmin.com/bootstrap/stage/elements/bc_progress.html]
[ableproadmin.com/bootstrap/stage/elements/bc_list-group.html]
[ableproadmin.com/bootstrap/stage/elements/bc_modal.html]
[ableproadmin.com/bootstrap/stage/elements/bc_spinner.html]
[ableproadmin.com/bootstrap/stage/elements/bc_tabs.html]
[ableproadmin.com/bootstrap/stage/elements/bc_tooltip-popover.html]
[ableproadmin.com/bootstrap/stage/elements/bc_toasts.html]
[ableproadmin.com/bootstrap/stage/elements/bc_typography.html]
[ableproadmin.com/bootstrap/stage/elements/bc_extra.html]
[ableproadmin.com/bootstrap/stage/elements/ac_alert.html]
[ableproadmin.com/bootstrap/stage/elements/ac_datepicker-component.html]
[ableproadmin.com/bootstrap/stage/elements/ac_lightbox.html]
[ableproadmin.com/bootstrap/stage/elements/ac_modal.html]
[ableproadmin.com/bootstrap/stage/elements/ac_notification.html]
[ableproadmin.com/bootstrap/stage/elements/ac_rangeslider.html]
[ableproadmin.com/bootstrap/stage/elements/ac_slider.html]
[ableproadmin.com/bootstrap/stage/elements/ac_syntax_highlighter.html]
[ableproadmin.com/bootstrap/stage/elements/ac_tour.html]
[ableproadmin.com/bootstrap/stage/elements/ac_treeview.html]
[cdnjs.cloudflare.com/ajax/libs/highlight.js/9.12.0/highlight.min.js]
[ableproadmin.com/bootstrap/stage/assets/js/plugins/clipboard.min.js]
[ableproadmin.com/bootstrap/stage/elements/bc_alert.html]
[ableproadmin.com/bootstrap/stage/assets/images/landing/tech-bootstrap.svg]
[ableproadmin.com/bootstrap/stage/assets/images/landing/tech-gulp.svg]
[ableproadmin.com/bootstrap/stage/assets/images/landing/tech-figma.svg]
[ableproadmin.com/bootstrap/stage/assets/images/landing/client-eagames.svg]
[ableproadmin.com/bootstrap/stage/assets/images/landing/client-vodafone.svg]
[ableproadmin.com/bootstrap/stage/assets/images/landing/client-crystal-1.svg]
[ableproadmin.com/bootstrap/stage/assets/images/landing/client-haswent-2.svg]
[ableproadmin.com/bootstrap/stage/assets/images/landing/client-haxter-3.svg]
[ableproadmin.com/bootstrap/stage/assets/images/landing/client-montecito-4.svg]
[ableproadmin.com/bootstrap/stage/assets/images/landing/client-slingshot.svg]
[ableproadmin.com/bootstrap/stage/assets/images/landing/client-totalstudio-5.svg]
[ableproadmin.com/bootstrap/stage/assets/images/customizer/img-caption-1.svg]
[ableproadmin.com/bootstrap/stage/assets/images/customizer/img-caption-2.svg]
[ableproadmin.com/bootstrap/stage/assets/images/customizer/img-layout-1.svg]
[ableproadmin.com/bootstrap/stage/assets/images/customizer/img-layout-2.svg]
[ableproadmin.com/bootstrap/stage/assets/images/customizer/img-container-1.svg]
[ableproadmin.com/bootstrap/stage/assets/images/customizer/img-container-2.svg]
[ableproadmin.com/bootstrap/stage/assets/js/component.js]
[ableproadmin.com/bootstrap/stage/assets/images/landing/feature-documentation.png]
[ableproadmin.com/bootstrap/stage/assets/fonts/tabler/tabler-icons.svg]
[ableproadmin.com/bootstrap/stage/assets/fonts/feather/feathere8ab.svg]
[ableproadmin.com/bootstrap/stage/assets/fonts/fontawesome/fa-regular-400.svg]
[ableproadmin.com/bootstrap/stage/assets/fonts/fontawesome/fa-solid-900.svg]
[ableproadmin.com/bootstrap/stage/assets/fonts/fontawesome/fa-brands-400.svg]
[ableproadmin.com/bootstrap/stage/assets/images/widget/img-dropbox-bg.svg]
[ableproadmin.com/bootstrap/stage/assets/images/pages/img-cunstruct-1-bottom.svg]
[ableproadmin.com/bootstrap/stage/assets/fonts/tabler/tabler-iconsd41d.eot]
[ableproadmin.com/bootstrap/stage/assets/images/widget/img-paypal.png]
[ableproadmin.com/bootstrap/stage/assets/images/widget/img-gpay.png]
[ableproadmin.com/bootstrap/stage/assets/images/widget/img-phonepay.png]
[ableproadmin.com/bootstrap/stage/dashboard/analytics.html]
[ableproadmin.com/bootstrap/stage/widget/w_statistics.html]
[ableproadmin.com/bootstrap/stage/assets/js/pages/dashboard-analytics.js]
[ableproadmin.com/bootstrap/stage/assets/images/widget/img-prod-1.jpg]
[ableproadmin.com/bootstrap/stage/assets/images/widget/img-prod-2.jpg]
[ableproadmin.com/bootstrap/stage/assets/images/widget/img-prod-3.jpg]
[ableproadmin.com/bootstrap/stage/assets/images/widget/img-prod-4.jpg]
[ableproadmin.com/bootstrap/stage/widget/w_data.html]
[ableproadmin.com/bootstrap/stage/assets/js/plugins/simple-datatables.js]
[ableproadmin.com/bootstrap/stage/widget/w_chart.html]
[ableproadmin.com/bootstrap/stage/elements/icon-feather.html]
[ableproadmin.com/bootstrap/stage/elements/icon-fontawesome.html]
[ableproadmin.com/bootstrap/stage/elements/icon-material.html]
[ableproadmin.com/bootstrap/stage/elements/icon-tabler.html]
[ableproadmin.com/bootstrap/stage/assets/js/pages/w-chart.js]
[ableproadmin.com/bootstrap/stage/elements/icon-custom.html]
[ableproadmin.com/bootstrap/stage/forms/form_elements.html]
[ableproadmin.com/bootstrap/stage/forms/form_floating.html]
[ableproadmin.com/bootstrap/stage/forms/form2_basic.html]
[ableproadmin.com/bootstrap/stage/forms/form2_input_group.html]
[ableproadmin.com/bootstrap/stage/forms/form2_checkbox.html]
[ableproadmin.com/bootstrap/stage/forms/form2_radio.html]
[ableproadmin.com/bootstrap/stage/forms/form2_switch.html]
[ableproadmin.com/bootstrap/stage/forms/form2_megaoption.html]
[ableproadmin.com/bootstrap/stage/assets/fonts/custom-icon.svg]
[ableproadmin.com/bootstrap/stage/assets/css/plugins/datepicker-bs5.min.css]
[ableproadmin.com/bootstrap/stage/forms/form2_datepicker.html]
[ableproadmin.com/bootstrap/stage/assets/js/plugins/datepicker-full.min.js]
[ableproadmin.com/bootstrap/stage/assets/css/plugins/flatpickr.min.css]
[ableproadmin.com/bootstrap/stage/forms/form2_daterangepicker.html]
[ableproadmin.com/bootstrap/stage/forms/form2_timepicker.html]
[ableproadmin.com/bootstrap/stage/assets/js/plugins/flatpickr.min.js]
[ableproadmin.com/bootstrap/stage/forms/form2_choices.html]
[ableproadmin.com/bootstrap/stage/assets/js/plugins/choices.min.js]
[www.google.com/recaptcha/api.js]
[ableproadmin.com/bootstrap/stage/forms/form2_recaptcha.html]
[ableproadmin.com/bootstrap/stage/assets/js/plugins/imask.min.js]
[ableproadmin.com/bootstrap/stage/forms/form2_inputmask.html]
[ableproadmin.com/bootstrap/stage/forms/form2_clipboard.html]
[ableproadmin.com/bootstrap/stage/assets/js/pages/form-masking-custom.js]
[ableproadmin.com/bootstrap/stage/assets/css/plugins/nouislider.min.css]
[ableproadmin.com/bootstrap/stage/assets/js/plugins/wNumb.min.js]
[ableproadmin.com/bootstrap/stage/forms/form2_nouislider.html]
[ableproadmin.com/bootstrap/stage/assets/js/plugins/nouislider.min.js]
[ableproadmin.com/bootstrap/stage/assets/css/plugins/bootstrap-switch-button.min.css]
[ableproadmin.com/bootstrap/stage/forms/form2_switchjs.html]
[ableproadmin.com/bootstrap/stage/assets/js/plugins/bootstrap-switch-button.min.js]
[ableproadmin.com/bootstrap/stage/forms/form2_typeahead.html]
[ableproadmin.com/bootstrap/stage/assets/js/plugins/type-ahead.min.js]
[www.tiny.cloud/images/glyph-tinymce@2x.png]
[ableproadmin.com/bootstrap/stage/forms/form2_tinymce.html]
[cdnjs.cloudflare.com/ajax/libs/highlight.js/9.12.0/styles/monokai-sublime.min.css]
[ableproadmin.com/bootstrap/stage/assets/js/plugins/tinymce/tinymce.min.js]
[ableproadmin.com/bootstrap/stage/assets/css/plugins/quill.snow.css]
[ableproadmin.com/bootstrap/stage/assets/css/plugins/quill.bubble.css]
[ableproadmin.com/bootstrap/stage/forms/form2_quill.html]
[ableproadmin.com/bootstrap/stage/assets/js/plugins/quill.min.js]
[ckeditor.com/assets/images/bg/volcano-8967c4575e.jpg]
[ableproadmin.com/bootstrap/stage/forms/editor-classic.html]
[ableproadmin.com/bootstrap/stage/forms/editor-document.html]
[ckeditor.com/assets/images/bg/malta-dffad9da96.jpg]
[ableproadmin.com/bootstrap/stage/assets/js/plugins/ckeditor/document/ckeditor.js]
[ableproadmin.com/bootstrap/stage/forms/editor-inline.html]
[ckeditor.com/assets/images/bg/tajmahal-b15aed2c99.jpg]
[ableproadmin.com/bootstrap/stage/assets/js/plugins/ckeditor/inline/ckeditor.js]
[ableproadmin.com/bootstrap/stage/forms/editor-balloon.html]
[ableproadmin.com/bootstrap/stage/assets/css/plugins/simplemde.min.css]
[ableproadmin.com/bootstrap/stage/assets/js/plugins/ckeditor/balloon/ckeditor.js]
[ableproadmin.com/bootstrap/stage/forms/form2_markdown.html]
[ableproadmin.com/bootstrap/stage/forms/form2_lay-default.html]
[ableproadmin.com/bootstrap/stage/forms/form2_lay-multicolumn.html]
[ableproadmin.com/bootstrap/stage/forms/form2_lay-actionbars.html]
[ableproadmin.com/bootstrap/stage/forms/form2_lay-stickyactionbars.html]
[ableproadmin.com/bootstrap/stage/assets/js/plugins/simplemde.min.js]
[ableproadmin.com/bootstrap/stage/assets/css/plugins/dropzone.min.css]
[ableproadmin.com/bootstrap/stage/forms/file-upload.html]
[ableproadmin.com/bootstrap/stage/assets/js/plugins/dropzone-amd-module.min.js]
[ableproadmin.com/bootstrap/stage/assets/css/plugins/uppy.min.css]
[ableproadmin.com/bootstrap/stage/forms/form2_flu-uppy.html]
[ableproadmin.com/bootstrap/stage/assets/js/plugins/bouncer.min.js]
[ableproadmin.com/bootstrap/stage/assets/js/plugins/uppy.min.js]
[ableproadmin.com/bootstrap/stage/forms/form-validation.html]
[ableproadmin.com/bootstrap/stage/assets/js/pages/form-validation.js]
[ableproadmin.com/bootstrap/stage/assets/css/plugins/croppr.min.css]
[ableproadmin.com/bootstrap/stage/assets/images/light-box/l1.jpg]
[ableproadmin.com/bootstrap/stage/assets/js/plugins/croppr.min.js]
[ableproadmin.com/bootstrap/stage/forms/image_crop.html]
[ableproadmin.com/bootstrap/stage/table/tbl_bootstrap.html]
[ableproadmin.com/bootstrap/stage/table/tbl_sizing.html]
[ableproadmin.com/bootstrap/stage/table/tbl_border.html]
[ableproadmin.com/bootstrap/stage/table/tbl_styling.html]
[ableproadmin.com/bootstrap/stage/table/tbl_dt-simple.html]
[ableproadmin.com/bootstrap/stage/table/tbl_dt-dynamic-import.html]
[ableproadmin.com/bootstrap/stage/table/tbl_dt-render-column-cells.html]
[ableproadmin.com/bootstrap/stage/table/tbl_dt-column-manipulation.html]
[ableproadmin.com/bootstrap/stage/table/tbl_dt-datetime-sorting.html]
[ableproadmin.com/bootstrap/stage/assets/js/pages/page-croper.js]
[ableproadmin.com/bootstrap/stage/table/tbl_dt-methods.html]
[ableproadmin.com/bootstrap/stage/table/tbl_dt-add-rows.html]
[ableproadmin.com/bootstrap/stage/table/tbl_dt-fetch-api.html]
[ableproadmin.com/bootstrap/stage/table/tbl_dt-filters.html]
[ableproadmin.com/bootstrap/stage/assets/js/plugins/utils.js]
[ableproadmin.com/bootstrap/stage/table/button.txt]
[ableproadmin.com/bootstrap/stage/table/tbl_dt-export.html]
[ableproadmin.com/bootstrap/stage/assets/css/plugins/dataTables.bootstrap5.min.css]
[cdnjs.cloudflare.com/ajax/libs/jquery/3.6.0/jquery.min.js]
[ableproadmin.com/bootstrap/stage/assets/js/plugins/ckeditor/classic/ckeditor.js]
[ableproadmin.com/bootstrap/stage/assets/js/plugins/jquery.dataTables.min.js]
[ableproadmin.com/bootstrap/stage/table/dt_advance.html]
[ableproadmin.com/bootstrap/stage/table/dt_styling.html]
[ableproadmin.com/bootstrap/stage/table/dt_api.html]
[ableproadmin.com/bootstrap/stage/table/dt_plugin.html]
[ableproadmin.com/bootstrap/stage/table/dt_sources.html]
[ableproadmin.com/bootstrap/stage/assets/js/plugins/dataTables.bootstrap5.min.js]
[ableproadmin.com/bootstrap/stage/assets/css/plugins/select.bootstrap5.min.css]
[ableproadmin.com/bootstrap/stage/assets/css/plugins/autoFill.bootstrap5.min.css]
[ableproadmin.com/bootstrap/stage/assets/css/plugins/keyTable.bootstrap5.min.css]
[ableproadmin.com/bootstrap/stage/assets/js/plugins/dataTables.autoFill.min.js]
[ableproadmin.com/bootstrap/stage/assets/js/plugins/autoFill.bootstrap5.min.js]
[ableproadmin.com/bootstrap/stage/assets/js/plugins/dataTables.keyTable.min.js]
[ableproadmin.com/bootstrap/stage/assets/js/plugins/keyTable.bootstrap5.min.js]
[ableproadmin.com/bootstrap/stage/table/dt_ext_autofill.html]
[ableproadmin.com/bootstrap/stage/assets/js/plugins/dataTables.select.min.js]
[ableproadmin.com/bootstrap/stage/assets/css/plugins/buttons.bootstrap5.min.css]
[ableproadmin.com/bootstrap/stage/assets/js/plugins/dataTables.buttons.min.js]
[ableproadmin.com/bootstrap/stage/assets/js/plugins/buttons.colVis.min.js]
[ableproadmin.com/bootstrap/stage/table/dt_ext_basic_buttons.html]
[ableproadmin.com/bootstrap/stage/assets/js/plugins/buttons.bootstrap5.min.js]
[ableproadmin.com/bootstrap/stage/assets/js/plugins/buttons.print.min.js]
[ableproadmin.com/bootstrap/stage/assets/js/plugins/jszip.min.js]
[ableproadmin.com/bootstrap/stage/table/dt_ext_export_buttons.html]
[ableproadmin.com/bootstrap/stage/assets/js/plugins/buttons.html5.min.js]
[ableproadmin.com/bootstrap/stage/table/dt_ext_col_reorder.html]
[ableproadmin.com/bootstrap/stage/assets/js/plugins/dataTables.colReorder.min.js]
[ableproadmin.com/bootstrap/stage/assets/css/plugins/fixedColumns.bootstrap5.min.css]
[ableproadmin.com/bootstrap/stage/table/dt_ext_fixed_columns.html]
[ableproadmin.com/bootstrap/stage/assets/js/plugins/dataTables.fixedColumns.min.js]
[ableproadmin.com/bootstrap/stage/assets/css/plugins/fixedHeader.bootstrap5.min.css]
[ableproadmin.com/bootstrap/stage/table/dt_ext_fixed_header.html]
[ableproadmin.com/bootstrap/stage/table/dt_ext_key_table.html]
[ableproadmin.com/bootstrap/stage/assets/js/plugins/dataTables.fixedHeader.min.js]
[ableproadmin.com/bootstrap/stage/assets/css/plugins/responsive.bootstrap5.min.css]
[ableproadmin.com/bootstrap/stage/assets/js/plugins/dataTables.responsive.min.js]
[ableproadmin.com/bootstrap/stage/table/dt_ext_responsive.html]
[ableproadmin.com/bootstrap/stage/table/dt_ext_row_reorder.html]
[ableproadmin.com/bootstrap/stage/assets/js/plugins/responsive.bootstrap5.min.js]
[ableproadmin.com/bootstrap/stage/assets/css/plugins/scroller.bootstrap5.min.css]
[ableproadmin.com/bootstrap/stage/table/dt_ext_scroller.html]
[ableproadmin.com/bootstrap/stage/table/dt_ext_select.html]
[ableproadmin.com/bootstrap/stage/assets/js/plugins/scroller.bootstrap5.min.js]
[ableproadmin.com/bootstrap/stage/chart/chart-apex.html]
[ableproadmin.com/bootstrap/stage/assets/js/pages/chart-apex.js]
[ableproadmin.com/bootstrap/stage/assets/css/plugins/main.css]
[ableproadmin.com/bootstrap/stage/assets/js/plugins/main.min.js]
[ableproadmin.com/bootstrap/stage/assets/js/plugins/sweetalert2.all.min.js]
[ableproadmin.com/bootstrap/stage/application/calendar.html]
[ableproadmin.com/bootstrap/stage/application/chat.html]
[ableproadmin.com/bootstrap/stage/assets/js/pages/calendar.js]
[ableproadmin.com/bootstrap/stage/assets/images/user/avatar-6.jpg]
[ableproadmin.com/bootstrap/stage/assets/images/user/avatar-7.jpg]
[ableproadmin.com/bootstrap/stage/assets/images/user/avatar-8.jpg]
[ableproadmin.com/bootstrap/stage/assets/images/user/avatar-9.jpg]
[ableproadmin.com/bootstrap/stage/application/cust_customer_list.html]
[ableproadmin.com/bootstrap/stage/assets/images/application/img-prod-1.jpg]
[ableproadmin.com/bootstrap/stage/assets/images/application/img-prod-2.jpg]
[ableproadmin.com/bootstrap/stage/assets/images/application/img-prod-3.jpg]
[ableproadmin.com/bootstrap/stage/assets/images/application/img-prod-4.jpg]
[ableproadmin.com/bootstrap/stage/assets/images/application/img-prod-5.jpg]
[ableproadmin.com/bootstrap/stage/assets/images/application/img-prod-6.jpg]
[ableproadmin.com/bootstrap/stage/assets/images/application/img-prod-7.jpg]
[ableproadmin.com/bootstrap/stage/assets/images/application/img-prod-8.jpg]
[ableproadmin.com/bootstrap/stage/application/ecom_product.html]
[ableproadmin.com/bootstrap/stage/application/ecom_product-details.html]
[ableproadmin.com/bootstrap/stage/application/ecom_product-list.html]
[ableproadmin.com/bootstrap/stage/application/ecom_product-add.html]
[ableproadmin.com/bootstrap/stage/assets/images/application/img-pay-card-bg.png]
[ableproadmin.com/bootstrap/stage/assets/images/application/mastercard.png]
[ableproadmin.com/bootstrap/stage/assets/images/application/visa.png]
[ableproadmin.com/bootstrap/stage/assets/images/application/card.png]
[ableproadmin.com/bootstrap/stage/assets/images/application/paypal.png]
[ableproadmin.com/bootstrap/stage/assets/images/application/img-coupon.png]
[ableproadmin.com/bootstrap/stage/assets/images/application/img-coupon-1.png]
[ableproadmin.com/bootstrap/stage/assets/images/application/img-coupon-2.png]
[ableproadmin.com/bootstrap/stage/application/ecom_checkout.html]
[ableproadmin.com/bootstrap/stage/assets/images/application/img-file-doc.svg]
[ableproadmin.com/bootstrap/stage/assets/images/application/img-file-xls.svg]
[ableproadmin.com/bootstrap/stage/assets/images/application/img-file-pdf.svg]
[ableproadmin.com/bootstrap/stage/assets/images/application/img-file-rar.svg]
[ableproadmin.com/bootstrap/stage/assets/images/application/img-file-imgview.jpg]
[ableproadmin.com/bootstrap/stage/assets/images/application/img-file-ppt.svg]
[ableproadmin.com/bootstrap/stage/assets/images/application/img-file-ai.svg]
[ableproadmin.com/bootstrap/stage/assets/images/application/img-file-txt.svg]
[ableproadmin.com/bootstrap/stage/application/file-manager.html]
[ableproadmin.com/bootstrap/stage/assets/images/application/img-file-img.svg]
[ableproadmin.com/bootstrap/stage/assets/css/plugins/dragula.min.css]
[ableproadmin.com/bootstrap/stage/assets/images/application/img-empty-mail.png]
[ableproadmin.com/bootstrap/stage/application/mail.html]
[ableproadmin.com/bootstrap/stage/application/account-profile.html]
[ableproadmin.com/bootstrap/stage/assets/images/application/img-profile-cover.jpg]
[ableproadmin.com/bootstrap/stage/assets/images/application/img-story-1.jpg]
[ableproadmin.com/bootstrap/stage/assets/images/application/img-story-2.jpg]
[ableproadmin.com/bootstrap/stage/assets/images/application/img-story-3.jpg]
[ableproadmin.com/bootstrap/stage/assets/images/application/img-story-4.jpg]
[ableproadmin.com/bootstrap/stage/assets/images/application/img-story-5.jpg]
[ableproadmin.com/bootstrap/stage/assets/images/application/img-story-6.jpg]
[ableproadmin.com/bootstrap/stage/assets/images/application/img-post-1.jpg]
[ableproadmin.com/bootstrap/stage/assets/images/application/img-post-2.jpg]
[ableproadmin.com/bootstrap/stage/assets/images/application/img-post-3.jpg]
[ableproadmin.com/bootstrap/stage/assets/images/application/img-post-4.jpg]
[ableproadmin.com/bootstrap/stage/assets/images/application/img-post-5.jpg]
[ableproadmin.com/bootstrap/stage/assets/images/application/img-post-6.jpg]
[ableproadmin.com/bootstrap/stage/assets/images/user/avatar-10.jpg]
[ableproadmin.com/bootstrap/stage/assets/images/application/img-gallery-1.jpg]
[ableproadmin.com/bootstrap/stage/assets/images/application/img-gallery-2.jpg]
[ableproadmin.com/bootstrap/stage/assets/images/application/img-gallery-3.jpg]
[ableproadmin.com/bootstrap/stage/assets/images/application/img-gallery-4.jpg]
[ableproadmin.com/bootstrap/stage/assets/images/application/img-gallery-5.jpg]
[ableproadmin.com/bootstrap/stage/assets/images/application/img-gallery-6.jpg]
[ableproadmin.com/bootstrap/stage/assets/images/application/img-gallery-7.jpg]
[ableproadmin.com/bootstrap/stage/assets/images/application/img-gallery-8.jpg]
[ableproadmin.com/bootstrap/stage/assets/images/application/img-event-bg.jpg]
[ableproadmin.com/bootstrap/stage/application/social-media.html]
[ableproadmin.com/bootstrap/stage/assets/images/authentication/facebook.svg]
[ableproadmin.com/bootstrap/stage/assets/images/authentication/twitter.svg]
[ableproadmin.com/bootstrap/stage/pages/login-v1.html]
[ableproadmin.com/bootstrap/stage/pages/register-v1.html]
[ableproadmin.com/bootstrap/stage/pages/forgot-password-v1.html]
[ableproadmin.com/bootstrap/stage/pages/check-mail-v1.html]
[ableproadmin.com/bootstrap/stage/pages/reset-password-v1.html]
[ableproadmin.com/bootstrap/stage/pages/code-verification-v1.html]
[ableproadmin.com/bootstrap/stage/assets/images/authentication/google.svg]
[ableproadmin.com/bootstrap/stage/assets/images/authentication/img-auth-sideimg.jpg]
[ableproadmin.com/bootstrap/stage/pages/login-v2.html]
[ableproadmin.com/bootstrap/stage/pages/register-v2.html]
[ableproadmin.com/bootstrap/stage/pages/forgot-password-v2.html]
[ableproadmin.com/bootstrap/stage/pages/check-mail-v2.html]
[ableproadmin.com/bootstrap/stage/pages/reset-password-v2.html]
[ableproadmin.com/bootstrap/stage/pages/code-verification-v2.html]
[ableproadmin.com/bootstrap/stage/pages/login-v3.html]
[ableproadmin.com/bootstrap/stage/assets/images/authentication/sms.svg]
[ableproadmin.com/bootstrap/stage/pages/error-404.html]
[ableproadmin.com/bootstrap/stage/assets/images/pages/img-error-404.svg]
[ableproadmin.com/bootstrap/stage/pages/error-500.html]
[ableproadmin.com/bootstrap/stage/assets/images/pages/img-error-500.svg]
[ableproadmin.com/bootstrap/stage/pages/under-construction-v1.html]
[ableproadmin.com/bootstrap/stage/assets/images/pages/img-cunstruct-1.svg]
[ableproadmin.com/bootstrap/stage/pages/under-construction-v2.html]
[ableproadmin.com/bootstrap/stage/assets/images/pages/img-cunstruct-2.svg]
[ableproadmin.com/bootstrap/stage/assets/images/pages/img-soon-1.png]
[ableproadmin.com/bootstrap/stage/pages/coming-soon-v1.html]
[ableproadmin.com/bootstrap/stage/pages/coming-soon-v2.html]
[ableproadmin.com/bootstrap/stage/assets/images/pages/img-soon-2.svg]
[ableproadmin.com/bootstrap/stage/assets/images/landing/img-headerbg.jpg]
[ableproadmin.com/bootstrap/stage/pages/contact-us.html]
[ableproadmin.com/bootstrap/stage/pages/price-v1.html]
[ableproadmin.com/bootstrap/stage/pages/price-v2.html]
[ableproadmin.com/bootstrap/stage/pages/landing.html]
[ableproadmin.com/bootstrap/stage/other/sample-page.html]
[ableproadmin.com/bootstrap/stage/navigation/index.html]
[ableproadmin.com/bootstrap/stage/assets/css/uikit.css]
[ableproadmin.com/bootstrap/stage/elements/bc_button.html]
[ableproadmin.com/bootstrap/stage/elements/bc_badges.html]
[ableproadmin.com/bootstrap/stage/elements/bc_breadcrumb.html]
[ableproadmin.com/bootstrap/stage/assets/images/component/img-card.jpg]
[ableproadmin.com/bootstrap/stage/elements/bc_card.html]
[ableproadmin.com/bootstrap/stage/elements/bc_color.html]
[ableproadmin.com/bootstrap/stage/elements/bc_collapse.html]
[ableproadmin.com/bootstrap/stage/assets/images/slider/img-slide-1.jpg]
[ableproadmin.com/bootstrap/stage/assets/images/slider/img-slide-2.jpg]
[ableproadmin.com/bootstrap/stage/assets/images/slider/img-slide-3.jpg]
[ableproadmin.com/bootstrap/stage/assets/images/slider/img-slide-4.jpg]
[ableproadmin.com/bootstrap/stage/assets/images/slider/img-slide-7.jpg]
[ableproadmin.com/bootstrap/stage/assets/images/light-box/l6.jpg]
[ableproadmin.com/bootstrap/stage/assets/images/light-box/l5.jpg]
[ableproadmin.com/bootstrap/stage/assets/js/plugins/pdfmake.min.js]
[ableproadmin.com/bootstrap/stage/assets/images/slider/img-slide-5.jpg]
[ableproadmin.com/bootstrap/stage/elements/bc_carousel.html]
[ableproadmin.com/bootstrap/stage/elements/bc_dropdowns.html]
[ableproadmin.com/bootstrap/stage/elements/bc_offcanvas.html]
[ableproadmin.com/bootstrap/stage/elements/bc_pagination.html]
[ableproadmin.com/bootstrap/stage/elements/bc_progress.html]
[ableproadmin.com/bootstrap/stage/elements/bc_list-group.html]
[ableproadmin.com/bootstrap/stage/elements/bc_modal.html]
[ableproadmin.com/bootstrap/stage/elements/bc_spinner.html]
[ableproadmin.com/bootstrap/stage/elements/bc_tabs.html]
[ableproadmin.com/bootstrap/stage/elements/bc_tooltip-popover.html]
[ableproadmin.com/bootstrap/stage/elements/bc_toasts.html]
[ableproadmin.com/bootstrap/stage/elements/bc_typography.html]
[ableproadmin.com/bootstrap/stage/elements/bc_extra.html]
[ableproadmin.com/bootstrap/stage/elements/ac_alert.html]
[ableproadmin.com/bootstrap/stage/assets/js/pages/ac-alert.js]
[ableproadmin.com/bootstrap/stage/elements/ac_datepicker-component.html]
[ableproadmin.com/bootstrap/stage/assets/js/pages/ac-datepicker.js]
[ableproadmin.com/bootstrap/stage/assets/images/light-box/sl1.jpg]
[ableproadmin.com/bootstrap/stage/assets/images/light-box/sl2.jpg]
[ableproadmin.com/bootstrap/stage/assets/images/light-box/sl3.jpg]
[ableproadmin.com/bootstrap/stage/assets/images/light-box/sl4.jpg]
[ableproadmin.com/bootstrap/stage/assets/images/light-box/sl5.jpg]
[ableproadmin.com/bootstrap/stage/assets/images/light-box/sl6.jpg]
[ableproadmin.com/bootstrap/stage/elements/ac_lightbox.html]
[ableproadmin.com/bootstrap/stage/elements/ac_modal.html]
[ableproadmin.com/bootstrap/stage/assets/css/plugins/notifier.css]
[ableproadmin.com/bootstrap/stage/assets/js/plugins/notifier.js]
[ableproadmin.com/bootstrap/stage/elements/ac_notification.html]
[ableproadmin.com/bootstrap/stage/assets/js/pages/ac-notification.js]
[ableproadmin.com/bootstrap/stage/assets/css/plugins/bootstrap-slider.min.css]
[ableproadmin.com/bootstrap/stage/assets/js/plugins/bootstrap-slider.min.js]
[ableproadmin.com/bootstrap/stage/elements/ac_rangeslider.html]
[ableproadmin.com/bootstrap/stage/assets/js/pages/ac-rangeslider.js]
[ableproadmin.com/bootstrap/stage/assets/css/plugins/tiny-slider.css]
[ableproadmin.com/bootstrap/stage/assets/js/plugins/tiny-slider.js]
[ableproadmin.com/bootstrap/stage/elements/ac_slider.html]
[ableproadmin.com/bootstrap/stage/assets/js/pages/ac-slider.js]
[ableproadmin.com/bootstrap/stage/assets/css/plugins/prism-coy.css]
[ableproadmin.com/bootstrap/stage/elements/ac_syntax_highlighter.html]
[ableproadmin.com/bootstrap/stage/assets/js/plugins/prism.js]
[ableproadmin.com/bootstrap/stage/assets/css/plugins/introjs.min.css]
[ableproadmin.com/bootstrap/stage/assets/js/plugins/intro.min.js]
[ableproadmin.com/bootstrap/stage/elements/ac_tour.html]
[ableproadmin.com/bootstrap/stage/assets/js/pages/ac-tour.js]
[ableproadmin.com/bootstrap/stage/assets/css/plugins/vanillatree.css]
[ableproadmin.com/bootstrap/stage/assets/js/plugins/vanillatree.min.js]
[ableproadmin.com/bootstrap/stage/elements/ac_treeview.html]
[ableproadmin.com/bootstrap/stage/assets/fonts/custom-icon.svg]
[ableproadmin.com/bootstrap/stage/assets/css/plugins/datepicker-bs5.min.css]
[ableproadmin.com/bootstrap/stage/assets/css/plugins/flatpickr.min.css]
[ableproadmin.com/bootstrap/stage/assets/css/plugins/nouislider.min.css]
[ableproadmin.com/bootstrap/stage/assets/css/plugins/bootstrap-switch-button.min.css]
[cdnjs.cloudflare.com/ajax/libs/highlight.js/9.12.0/styles/monokai-sublime.min.css]
[ableproadmin.com/bootstrap/stage/assets/css/plugins/quill.snow.css]
[ableproadmin.com/bootstrap/stage/assets/css/plugins/quill.bubble.css]
[ableproadmin.com/bootstrap/stage/assets/css/plugins/simplemde.min.css]
[ableproadmin.com/bootstrap/stage/assets/css/plugins/dropzone.min.css]
[ableproadmin.com/bootstrap/stage/assets/css/plugins/uppy.min.css]
[ableproadmin.com/bootstrap/stage/assets/css/plugins/croppr.min.css]
[ableproadmin.com/bootstrap/stage/table/button.html]
[ableproadmin.com/bootstrap/stage/assets/css/plugins/dataTables.bootstrap5.min.css]
[ableproadmin.com/bootstrap/stage/assets/css/plugins/select.bootstrap5.min.css]
[ableproadmin.com/bootstrap/stage/assets/css/plugins/autoFill.bootstrap5.min.css]
[ableproadmin.com/bootstrap/stage/assets/css/plugins/keyTable.bootstrap5.min.css]
[ableproadmin.com/bootstrap/stage/assets/css/plugins/buttons.bootstrap5.min.css]
[ableproadmin.com/bootstrap/stage/assets/css/plugins/fixedColumns.bootstrap5.min.css]
[ableproadmin.com/bootstrap/stage/assets/css/plugins/fixedHeader.bootstrap5.min.css]
[ableproadmin.com/bootstrap/stage/assets/css/plugins/responsive.bootstrap5.min.css]
[ableproadmin.com/bootstrap/stage/assets/css/plugins/scroller.bootstrap5.min.css]
[ableproadmin.com/bootstrap/stage/assets/css/plugins/main.css]
[ableproadmin.com/bootstrap/stage/assets/images/application/img-file-doc.svg]
[ableproadmin.com/bootstrap/stage/assets/images/application/img-file-xls.svg]
[ableproadmin.com/bootstrap/stage/assets/images/application/img-file-pdf.svg]
[ableproadmin.com/bootstrap/stage/assets/images/application/img-file-rar.svg]
[ableproadmin.com/bootstrap/stage/assets/images/application/img-file-ppt.svg]
[ableproadmin.com/bootstrap/stage/assets/images/application/img-file-ai.svg]
[ableproadmin.com/bootstrap/stage/assets/images/application/img-file-txt.svg]
[ableproadmin.com/bootstrap/stage/assets/images/application/img-file-img.svg]
[ableproadmin.com/bootstrap/stage/assets/css/plugins/dragula.min.css]
[ableproadmin.com/bootstrap/stage/assets/images/authentication/facebook.svg]
[ableproadmin.com/bootstrap/stage/assets/images/authentication/twitter.svg]
[ableproadmin.com/bootstrap/stage/assets/images/authentication/google.svg]
[ableproadmin.com/bootstrap/stage/assets/images/authentication/sms.svg]
[ableproadmin.com/bootstrap/stage/assets/images/pages/img-error-404.svg]
[ableproadmin.com/bootstrap/stage/assets/images/pages/img-error-500.svg]
[ableproadmin.com/bootstrap/stage/assets/images/pages/img-cunstruct-1.svg]
[ableproadmin.com/bootstrap/stage/assets/images/pages/img-cunstruct-2.svg]
[ableproadmin.com/bootstrap/stage/assets/js/pages/ac-treeview.js]
[ableproadmin.com/bootstrap/stage/assets/images/pages/img-soon-2.svg]
[ableproadmin.com/bootstrap/stage/assets/css/plugins/notifier.css]
[ableproadmin.com/bootstrap/stage/assets/css/plugins/bootstrap-slider.min.css]
[ableproadmin.com/bootstrap/stage/assets/css/plugins/tiny-slider.css]
[ableproadmin.com/bootstrap/stage/assets/css/plugins/prism-coy.css]
[ableproadmin.com/bootstrap/stage/assets/css/plugins/introjs.min.css]
[ableproadmin.com/bootstrap/stage/assets/css/plugins/vanillatree.css]
[ableproadmin.com/bootstrap/stage/assets/css/plugins/quill.core.css]
[ableproadmin.com/bootstrap/stage/assets/css/plugins/quill.core.css]
[ableproadmin.com/bootstrap/stage/assets/js/plugins/vfs_fonts.js]
